[0/2] Re-checking globbed directories...
[1/79] Building C object CMakeFiles/dr_frontend.dir/src/frontend/container/dol.c.o
[2/79] Building C object CMakeFiles/dr_frontend.dir/src/frontend/container/rel.c.o
[3/79] Building C object CMakeFiles/dr_frontend.dir/src/frontend/decoder.c.o
[4/79] Building C object CMakeFiles/dr_frontend.dir/src/frontend/container/rpx.c.o
[5/79] Building C object CMakeFiles/dr_analysis.dir/src/analysis/embedded_data.c.o
[6/79] Building C object CMakeFiles/dr_frontend.dir/src/frontend/container/disc_extract.c.o
[7/79] Building C object CMakeFiles/dr_analysis.dir/src/analysis/smc.c.o
[8/79] Linking C static library libdr_frontend.a
[9/79] Building C object CMakeFiles/dr_backend.dir/src/backend/c_cfg.c.o
[10/79] Building C object CMakeFiles/dr_analysis.dir/src/analysis/symbol_map.c.o
[11/79] Linking C static library libdr_analysis.a
[12/79] Building C object CMakeFiles/dr_backend.dir/src/backend/dispatch.c.o
[13/79] Building C object CMakeFiles/dr_backend.dir/src/backend/codegen.c.o
[14/79] Building C object CMakeFiles/dr_backend.dir/src/backend/emitter.c.o
[15/79] Building C object CMakeFiles/dr_backend.dir/src/backend/symbols.c.o
[16/79] Building C object CMakeFiles/dr_backend.dir/src/backend/module_abi.c.o
[17/79] Building C object CMakeFiles/dr_backend.dir/src/backend/variant_output.c.o
[18/79] Linking C static library libdr_backend.a
[19/79] Building C object CMakeFiles/test_codegen_emit.dir/tests/test_codegen_emit.c.o
[20/79] Building C object CMakeFiles/dr_platform.dir/src/platform/fs.c.o
[21/79] Building C object CMakeFiles/dr_platform.dir/src/platform/strutil.c.o
[22/79] Building C object CMakeFiles/dr_platform.dir/src/platform/pathlist.c.o
[23/79] Building C object CMakeFiles/dr_platform.dir/src/platform/process.c.o
[24/79] Building C object CMakeFiles/dr_ir.dir/src/ir/dolir.c.o
[25/79] Building C object CMakeFiles/dr_cpu.dir/src/cpu/cpu.c.o
[26/79] Building C object CMakeFiles/dr_ir.dir/src/ir/dolir_address.c.o
[27/79] Linking C static library libdr_cpu.a
[28/79] Building C object CMakeFiles/dr_ir.dir/src/ir/dolir_effects.c.o
[29/79] Linking C executable test_codegen_emit
[30/79] Linking C static library libdr_platform.a
[31/79] Building C object CMakeFiles/dr_app.dir/src/app/cli.c.o
[32/79] Building C object CMakeFiles/dr_app.dir/src/app/database.c.o
[33/79] Building C object CMakeFiles/dr_app.dir/src/app/setup.c.o
[34/79] Building C object CMakeFiles/dr_ir.dir/src/ir/dolir_builder.c.o
[35/79] Linking C static library libdr_ir.a
[36/79] Building C object CMakeFiles/dr_app.dir/src/app/paths.c.o
[37/79] Generating c_execute_generated.c
[38/79] Building C object CMakeFiles/dolrecomp.dir/src/app/main.c.o
[39/79] Building C object CMakeFiles/dr_app.dir/src/app/pipeline.c.o
[40/79] Building C object CMakeFiles/test_cli.dir/tests/test_cli.c.o
[41/79] Linking C static library libdr_app.a
[42/79] Building C object CMakeFiles/dolir_stats.dir/tools/dolir_stats.c.o
[43/79] Building C object CMakeFiles/test_opcodes.dir/tests/test_opcodes.c.o
[44/79] Building C object CMakeFiles/test_cross_check.dir/tests/test_cross_check.c.o
[45/79] Building C object CMakeFiles/test_dol.dir/tests/test_dol.c.o
[46/79] Building C object CMakeFiles/test_rel.dir/tests/test_rel.c.o
[47/79] Building C object CMakeFiles/test_rpx.dir/tests/test_rpx.c.o
[48/79] Building C object CMakeFiles/test_disc_extract.dir/tests/test_disc_extract.c.o
[49/79] Building C object CMakeFiles/test_jumptables.dir/tests/test_jumptables.c.o
[50/79] Building C object CMakeFiles/test_dispatch.dir/tests/test_dispatch.c.o
[51/79] Building C object CMakeFiles/test_module_abi.dir/tests/test_module_abi.c.o
[52/79] Building C object CMakeFiles/test_c_cfg.dir/tests/test_c_cfg.c.o
[53/79] Building C object CMakeFiles/test_symbols.dir/tests/test_symbols.c.o
[54/79] Building C object CMakeFiles/test_c_execute.dir/tests/test_c_execute.c.o
[55/79] Building C object CMakeFiles/test_pc_reference.dir/tests/test_pc_reference.c.o
[56/79] Building C object CMakeFiles/test_fpscr.dir/tests/test_fpscr.c.o
[57/79] Building C object CMakeFiles/test_float_semantics.dir/tests/test_float_semantics.c.o
[58/79] Building C object CMakeFiles/test_c_execute.dir/c_execute_generated.c.o
[59/79] Linking C executable dolrecomp
[60/79] Building C object CMakeFiles/test_dolir.dir/tests/test_dolir.c.o
[61/79] Linking C executable test_cli
[62/79] Linking C executable dolir_stats
[63/79] Linking C executable test_opcodes
[64/79] Linking C executable test_cross_check
[65/79] Linking C executable test_rel
[66/79] Linking C executable test_dol
[67/79] Linking C executable test_rpx
[68/79] Linking C executable test_disc_extract
[69/79] Linking C executable test_jumptables
[70/79] Linking C executable test_pc_reference
[71/79] Linking C executable test_dispatch
[72/79] Linking C executable test_module_abi
[73/79] Linking C executable test_c_cfg
[74/79] Linking C executable test_symbols
[75/79] Linking C executable test_c_execute
[76/79] Linking C executable test_fpscr
[77/79] Linking C executable test_dolir
[78/79] Linking C executable test_float_semantics
